// Jest Snapshot v1, https://goo.gl/fbAQLP

exports[`<Root /> has 1 child 1`] = `
<View
  style={
    Object {
      "alignItems": "center",
      "backgroundColor": "#fff",
      "flex": 1,
      "justifyContent": "center",
    }
  }
>
  <Text>
    Open up App.tsx to start working on your app!
  </Text>
  <Text
    style={
      Array [
        Object {
          "color": "#000",
          "fontSize": 16,
          "textAlign": "center",
        },
      ]
    }
  >
    This is Entry Point.
  </Text>
</View>
`;
